Archive member included to satisfy reference by file (symbol)

C:/ST/STM32CubeIDE_1.14.0/STM32CubeIDE/plugins/com.st.stm32cube.ide.mcu.externaltools.gnu-tools-for-stm32.11.3.rel1.win32_1.1.100.202309141235/tools/bin/../lib/gcc/arm-none-eabi/11.3.1/../../../../arm-none-eabi/lib/thumb/v7-m/nofp\libc_nano.a(libc_a-exit.o)
                              C:/ST/STM32CubeIDE_1.14.0/STM32CubeIDE/plugins/com.st.stm32cube.ide.mcu.externaltools.gnu-tools-for-stm32.11.3.rel1.win32_1.1.100.202309141235/tools/bin/../lib/gcc/arm-none-eabi/11.3.1/../../../../arm-none-eabi/lib/thumb/v7-m/nofp/crt0.o (exit)
C:/ST/STM32CubeIDE_1.14.0/STM32CubeIDE/plugins/com.st.stm32cube.ide.mcu.externaltools.gnu-tools-for-stm32.11.3.rel1.win32_1.1.100.202309141235/tools/bin/../lib/gcc/arm-none-eabi/11.3.1/../../../../arm-none-eabi/lib/thumb/v7-m/nofp\libc_nano.a(libc_a-findfp.o)
                              C:/ST/STM32CubeIDE_1.14.0/STM32CubeIDE/plugins/com.st.stm32cube.ide.mcu.externaltools.gnu-tools-for-stm32.11.3.rel1.win32_1.1.100.202309141235/tools/bin/../lib/gcc/arm-none-eabi/11.3.1/../../../../arm-none-eabi/lib/thumb/v7-m/nofp\libc_nano.a(libc_a-exit.o) (__stdio_exit_handler)
C:/ST/STM32CubeIDE_1.14.0/STM32CubeIDE/plugins/com.st.stm32cube.ide.mcu.externaltools.gnu-tools-for-stm32.11.3.rel1.win32_1.1.100.202309141235/tools/bin/../lib/gcc/arm-none-eabi/11.3.1/../../../../arm-none-eabi/lib/thumb/v7-m/nofp\libc_nano.a(libc_a-fwalk.o)
                              C:/ST/STM32CubeIDE_1.14.0/STM32CubeIDE/plugins/com.st.stm32cube.ide.mcu.externaltools.gnu-tools-for-stm32.11.3.rel1.win32_1.1.100.202309141235/tools/bin/../lib/gcc/arm-none-eabi/11.3.1/../../../../arm-none-eabi/lib/thumb/v7-m/nofp\libc_nano.a(libc_a-findfp.o) (_fwalk_sglue)
C:/ST/STM32CubeIDE_1.14.0/STM32CubeIDE/plugins/com.st.stm32cube.ide.mcu.externaltools.gnu-tools-for-stm32.11.3.rel1.win32_1.1.100.202309141235/tools/bin/../lib/gcc/arm-none-eabi/11.3.1/../../../../arm-none-eabi/lib/thumb/v7-m/nofp\libc_nano.a(libc_a-stdio.o)
                              C:/ST/STM32CubeIDE_1.14.0/STM32CubeIDE/plugins/com.st.stm32cube.ide.mcu.externaltools.gnu-tools-for-stm32.11.3.rel1.win32_1.1.100.202309141235/tools/bin/../lib/gcc/arm-none-eabi/11.3.1/../../../../arm-none-eabi/lib/thumb/v7-m/nofp\libc_nano.a(libc_a-findfp.o) (__sread)
C:/ST/STM32CubeIDE_1.14.0/STM32CubeIDE/plugins/com.st.stm32cube.ide.mcu.externaltools.gnu-tools-for-stm32.11.3.rel1.win32_1.1.100.202309141235/tools/bin/../lib/gcc/arm-none-eabi/11.3.1/../../../../arm-none-eabi/lib/thumb/v7-m/nofp\libc_nano.a(libc_a-memset.o)
                              C:/ST/STM32CubeIDE_1.14.0/STM32CubeIDE/plugins/com.st.stm32cube.ide.mcu.externaltools.gnu-tools-for-stm32.11.3.rel1.win32_1.1.100.202309141235/tools/bin/../lib/gcc/arm-none-eabi/11.3.1/../../../../arm-none-eabi/lib/thumb/v7-m/nofp/crt0.o (memset)
C:/ST/STM32CubeIDE_1.14.0/STM32CubeIDE/plugins/com.st.stm32cube.ide.mcu.externaltools.gnu-tools-for-stm32.11.3.rel1.win32_1.1.100.202309141235/tools/bin/../lib/gcc/arm-none-eabi/11.3.1/../../../../arm-none-eabi/lib/thumb/v7-m/nofp\libc_nano.a(libc_a-closer.o)
                              C:/ST/STM32CubeIDE_1.14.0/STM32CubeIDE/plugins/com.st.stm32cube.ide.mcu.externaltools.gnu-tools-for-stm32.11.3.rel1.win32_1.1.100.202309141235/tools/bin/../lib/gcc/arm-none-eabi/11.3.1/../../../../arm-none-eabi/lib/thumb/v7-m/nofp\libc_nano.a(libc_a-stdio.o) (_close_r)
C:/ST/STM32CubeIDE_1.14.0/STM32CubeIDE/plugins/com.st.stm32cube.ide.mcu.externaltools.gnu-tools-for-stm32.11.3.rel1.win32_1.1.100.202309141235/tools/bin/../lib/gcc/arm-none-eabi/11.3.1/../../../../arm-none-eabi/lib/thumb/v7-m/nofp\libc_nano.a(libc_a-reent.o)
                              C:/ST/STM32CubeIDE_1.14.0/STM32CubeIDE/plugins/com.st.stm32cube.ide.mcu.externaltools.gnu-tools-for-stm32.11.3.rel1.win32_1.1.100.202309141235/tools/bin/../lib/gcc/arm-none-eabi/11.3.1/../../../../arm-none-eabi/lib/thumb/v7-m/nofp\libc_nano.a(libc_a-closer.o) (errno)
C:/ST/STM32CubeIDE_1.14.0/STM32CubeIDE/plugins/com.st.stm32cube.ide.mcu.externaltools.gnu-tools-for-stm32.11.3.rel1.win32_1.1.100.202309141235/tools/bin/../lib/gcc/arm-none-eabi/11.3.1/../../../../arm-none-eabi/lib/thumb/v7-m/nofp\libc_nano.a(libc_a-impure.o)
                              C:/ST/STM32CubeIDE_1.14.0/STM32CubeIDE/plugins/com.st.stm32cube.ide.mcu.externaltools.gnu-tools-for-stm32.11.3.rel1.win32_1.1.100.202309141235/tools/bin/../lib/gcc/arm-none-eabi/11.3.1/../../../../arm-none-eabi/lib/thumb/v7-m/nofp\libc_nano.a(libc_a-reent.o) (_impure_ptr)
C:/ST/STM32CubeIDE_1.14.0/STM32CubeIDE/plugins/com.st.stm32cube.ide.mcu.externaltools.gnu-tools-for-stm32.11.3.rel1.win32_1.1.100.202309141235/tools/bin/../lib/gcc/arm-none-eabi/11.3.1/../../../../arm-none-eabi/lib/thumb/v7-m/nofp\libc_nano.a(libc_a-lseekr.o)
[...]
Memory Configuration

Name             Origin             Length             Attributes
RAM              0x0000000020000000 0x0000000000020000 xrw
FLASH            0x0000000008000000 0x0000000000100000 xr
*default*        0x0000000000000000 0xffffffffffffffff

Linker script and memory map

LOAD C:/ST/STM32CubeIDE_1.14.0/STM32CubeIDE/plugins/com.st.stm32cube.ide.mcu.externaltools.gnu-tools-for-stm32.11.3.rel1.win32_1.1.100.202309141235/tools/bin/../lib/gcc/arm-none-eabi/11.3.1/thumb/v7-m/nofp/crti.o
LOAD C:/ST/STM32CubeIDE_1.14.0/STM32CubeIDE/plugins/com.st.stm32cube.ide.mcu.externaltools.gnu-tools-for-stm32.11.3.rel1.win32_1.1.100.202309141235/tools/bin/../lib/gcc/arm-none-eabi/11.3.1/thumb/v7-m/nofp/crtbegin.o
LOAD C:/ST/STM32CubeIDE_1.14.0/STM32CubeIDE/plugins/com.st.stm32cube.ide.mcu.externaltools.gnu-tools-for-stm32.11.3.rel1.win32_1.1.100.202309141235/tools/bin/../lib/gcc/arm-none-eabi/11.3.1/../../../../arm-none-eabi/lib/thumb/v7-m/nofp/crt0.o
LOAD ./Core/Src/main.o
LOAD ./Core/Src/stm32f2xx_hal_msp.o
LOAD ./Core/Src/stm32f2xx_it.o
LOAD ./Core/Src/syscalls.o
LOAD ./Core/Src/sysmem.o
LOAD ./Core/Src/system_stm32f2xx.o
LOAD ./Core/Startup/startup_stm32f207zgtx.o
LOAD ./Drivers/STM32F2xx_HAL_Driver/Src/stm32f2xx_hal.o
LOAD ./Drivers/STM32F2xx_HAL_Driver/Src/stm32f2xx_hal_can.o
LOAD ./Drivers/STM32F2xx_HAL_Driver/Src/stm32f2xx_hal_cortex.o
LOAD ./Drivers/STM32F2xx_HAL_Driver/Src/stm32f2xx_hal_dma.o
LOAD ./Drivers/STM32F2xx_HAL_Driver/Src/stm32f2xx_hal_dma_ex.o
LOAD ./Drivers/STM32F2xx_HAL_Driver/Src/stm32f2xx_hal_exti.o
LOAD ./Drivers/STM32F2xx_HAL_Driver/Src/stm32f2xx_hal_flash.o
LOAD ./Drivers/STM32F2xx_HAL_Driver/Src/stm32f2xx_hal_flash_ex.o
LOAD ./Drivers/STM32F2xx_HAL_Driver/Src/stm32f2xx_hal_gpio.o
LOAD ./Drivers/STM32F2xx_HAL_Driver/Src/stm32f2xx_hal_pwr.o
LOAD ./Drivers/STM32F2xx_HAL_Driver/Src/stm32f2xx_hal_pwr_ex.o
LOAD ./Drivers/STM32F2xx_HAL_Driver/Src/stm32f2xx_hal_rcc.o
LOAD ./Drivers/STM32F2xx_HAL_Driver/Src/stm32f2xx_hal_rcc_ex.o
LOAD ./Drivers/STM32F2xx_HAL_Driver/Src/stm32f2xx_hal_tim.o
LOAD ./Drivers/STM32F2xx_HAL_Driver/Src/stm32f2xx_hal_tim_ex.o
START GROUP
LOAD C:/ST/STM32CubeIDE_1.14.0/STM32CubeIDE/plugins/com.st.stm32cube.ide.mcu.externaltools.gnu-tools-for-stm32.11.3.rel1.win32_1.1.100.202309141235/tools/bin/../lib/gcc/arm-none-eabi/11.3.1/../../../../arm-none-eabi/lib/thumb/v7-m/nofp\libc_nano.a
LOAD C:/ST/STM32CubeIDE_1.14.0/STM32CubeIDE/plugins/com.st.stm32cube.ide.mcu.externaltools.gnu-tools-for-stm32.11.3.rel1.win32_1.1.100.202309141235/tools/bin/../lib/gcc/arm-none-eabi/11.3.1/../../../../arm-none-eabi/lib/thumb/v7-m/nofp\libm.a
END GROUP
START GROUP
LOAD C:/ST/STM32CubeIDE_1.14.0/STM32CubeIDE/plugins/com.st.stm32cube.ide.mcu.externaltools.gnu-tools-for-stm32.11.3.rel1.win32_1.1.100.202309141235/tools/bin/../lib/gcc/arm-none-eabi/11.3.1/thumb/v7-m/nofp\libgcc.a
LOAD C:/ST/STM32CubeIDE_1.14.0/STM32CubeIDE/plugins/com.st.stm32cube.ide.mcu.externaltools.gnu-tools-for-stm32.11.3.rel1.win32_1.1.100.202309141235/tools/bin/../lib/gcc/arm-none-eabi/11.3.1/../../../../arm-none-eabi/lib/thumb/v7-m/nofp\libc_nano.a
END GROUP
START GROUP
LOAD C:/ST/STM32CubeIDE_1.14.0/STM32CubeIDE/plugins/com.st.stm32cube.ide.mcu.externaltools.gnu-tools-for-stm32.11.3.rel1.win32_1.1.100.202309141235/tools/bin/../lib/gcc/arm-none-eabi/11.3.1/thumb/v7-m/nofp\libgcc.a
LOAD C:/ST/STM32CubeIDE_1.14.0/STM32CubeIDE/plugins/com.st.stm32cube.ide.mcu.externaltools.gnu-tools-for-stm32.11.3.rel1.win32_1.1.100.202309141235/tools/bin/../lib/gcc/arm-none-eabi/11.3.1/../../../../arm-none-eabi/lib/thumb/v7-m/nofp\libc_nano.a
LOAD C:/ST/STM32CubeIDE_1.14.0/STM32CubeIDE/plugins/com.st.stm32cube.ide.mcu.externaltools.gnu-tools-for-stm32.11.3.rel1.win32_1.1.100.202309141235/tools/bin/../lib/gcc/arm-none-eabi/11.3.1/../../../../arm-none-eabi/lib/thumb/v7-m/nofp\libnosys.a
END GROUP
START GROUP
LOAD C:/ST/STM32CubeIDE_1.14.0/STM32CubeIDE/plugins/com.st.stm32cube.ide.mcu.externaltools.gnu-tools-for-stm32.11.3.rel1.win32_1.1.100.202309141235/tools/bin/../lib/gcc/arm-none-eabi/11.3.1/thumb/v7-m/nofp\libgcc.a
LOAD C:/ST/STM32CubeIDE_1.14.0/STM32CubeIDE/plugins/com.st.stm32cube.ide.mcu.externaltools.gnu-tools-for-stm32.11.3.rel1.win32_1.1.100.202309141235/tools/bin/../lib/gcc/arm-none-eabi/11.3.1/../../../../arm-none-eabi/lib/thumb/v7-m/nofp\libc_nano.a
LOAD C:/ST/STM32CubeIDE_1.14.0/STM32CubeIDE/plugins/com.st.stm32cube.ide.mcu.externaltools.gnu-tools-for-stm32.11.3.rel1.win32_1.1.100.202309141235/tools/bin/../lib/gcc/arm-none-eabi/11.3.1/../../../../arm-none-eabi/lib/thumb/v7-m/nofp\libnosys.a
END GROUP
LOAD C:/ST/STM32CubeIDE_1.14.0/STM32CubeIDE/plugins/com.st.stm32cube.ide.mcu.externaltools.gnu-tools-for-stm32.11.3.rel1.win32_1.1.100.202309141235/tools/bin/../lib/gcc/arm-none-eabi/11.3.1/thumb/v7-m/nofp/crtend.o
LOAD C:/ST/STM32CubeIDE_1.14.0/STM32CubeIDE/plugins/com.st.stm32cube.ide.mcu.externaltools.gnu-tools-for-stm32.11.3.rel1.win32_1.1.100.202309141235/tools/bin/../lib/gcc/arm-none-eabi/11.3.1/thumb/v7-m/nofp/crtn.o
                0x0000000020020000                _estack = (ORIGIN (RAM) + LENGTH (RAM))
                0x0000000000000200                _Min_Heap_Size = 0x200
                0x0000000000000400                _Min_Stack_Size = 0x400

.isr_vector     0x0000000008000000      0x184
                0x0000000008000000                . = ALIGN (0x4)
 *(.isr_vector)
 .isr_vector    0x0000000008000000      0x184 ./Core/Startup/startup_stm32f207zgtx.o
                0x0000000008000000                g_pfnVectors
                0x0000000008000184                . = ALIGN (0x4)

.text           0x0000000008000184     0x2680
                0x0000000008000184                . = ALIGN (0x4)
 *(.text)
 .text          0x0000000008000184       0x40 C:/ST/STM32CubeIDE_1.14.0/STM32CubeIDE/plugins/com.st.stm32cube.ide.mcu.externaltools.gnu-tools-for-stm32.11.3.rel1.win32_1.1.100.202309141235/tools/bin/../lib/gcc/arm-none-eabi/11.3.1/thumb/v7-m/nofp/crtbegin.o
 .text          0x00000000080001c4       0x30 C:/ST/STM32CubeIDE_1.14.0/STM32CubeIDE/plugins/com.st.stm32cube.ide.mcu.externaltools.gnu-tools-for-stm32.11.3.rel1.win32_1.1.100.202309141235/tools/bin/../lib/gcc/arm-none-eabi/11.3.1/thumb/v7-m/nofp\libgcc.a(_aeabi_uldivmod.o)
                0x00000000080001c4                __aeabi_uldivmod
 .text          0x00000000080001f4      0x2cc C:/ST/STM32CubeIDE_1.14.0/STM32CubeIDE/plugins/com.st.stm32cube.ide.mcu.externaltools.gnu-tools-for-stm32.11.3.rel1.win32_1.1.100.202309141235/tools/bin/../lib/gcc/arm-none-eabi/11.3.1/thumb/v7-m/nofp\libgcc.a(_udivmoddi4.o)
                0x00000000080001f4                __udivmoddi4
 .text          0x00000000080004c0        0x4 C:/ST/STM32CubeIDE_1.14.0/STM32CubeIDE/plugins/com.st.stm32cube.ide.mcu.externaltools.gnu-tools-for-stm32.11.3.rel1.win32_1.1.100.202309141235/tools/bin/../lib/gcc/arm-none-eabi/11.3.1/thumb/v7-m/nofp\libgcc.a(_dvmd_tls.o)
                0x00000000080004c0                __aeabi_idiv0
                0x00000000080004c0                __aeabi_ldiv0
 *(.text*)
 .text.HAL_CAN_RxFifo0MsgPendingCallback
                0x00000000080004c4       0x34 ./Core/Src/main.o
                0x00000000080004c4                HAL_CAN_RxFifo0MsgPendingCallback
 .text.HAL_CAN_RxFifo1MsgPendingCallback
                0x00000000080004f8       0x34 ./Core/Src/main.o
                0x00000000080004f8                HAL_CAN_RxFifo1MsgPendingCallback
 .text.main     0x000000000800052c      0x128 ./Core/Src/main.o
                0x000000000800052c                main
 .text.SystemClock_Config
                0x0000000008000654       0x8e ./Core/Src/main.o
                0x0000000008000654                SystemClock_Config
 *fill*         0x00000000080006e2        0x2 
 .text.MX_CAN1_Init
                0x00000000080006e4       0xa8 ./Core/Src/main.o
 .text.MX_CAN2_Init
                0x000000000800078c       0xa8 ./Core/Src/main.o
 .text.MX_GPIO_Init
                0x0000000008000834       0xa0 ./Core/Src/main.o
 .text.Error_Handler
                0x00000000080008d4        0xa ./Core/Src/main.o
                0x00000000080008d4                Error_Handler
 *fill*         0x00000000080008de        0x2 
 .text.HAL_MspInit
                0x00000000080008e0       0x5c ./Core/Src/stm32f2xx_hal_msp.o
                0x00000000080008e0                HAL_MspInit
 .text.HAL_CAN_MspInit
                0x000000000800093c      0x160 ./Core/Src/stm32f2xx_hal_msp.o
                0x000000000800093c                HAL_CAN_MspInit
 .text.NMI_Handler
                0x0000000008000a9c        0x6 ./Core/Src/stm32f2xx_it.o
                0x0000000008000a9c                NMI_Handler
 .text.HardFault_Handler
                0x0000000008000aa2        0x6 ./Core/Src/stm32f2xx_it.o
                0x0000000008000aa2                HardFault_Handler
 .text.MemManage_Handler
                0x0000000008000aa8        0x6 ./Core/Src/stm32f2xx_it.o
                0x0000000008000aa8                MemManage_Handler
 .text.BusFault_Handler
                0x0000000008000aae        0x6 ./Core/Src/stm32f2xx_it.o
                0x0000000008000aae                BusFault_Handler
 .text.UsageFault_Handler
                0x0000000008000ab4        0x6 ./Core/Src/stm32f2xx_it.o
                0x0000000008000ab4                UsageFault_Handler
 .text.SVC_Handler
                0x0000000008000aba        0xc ./Core/Src/stm32f2xx_it.o
                0x0000000008000aba                SVC_Handler
 .text.DebugMon_Handler
                0x0000000008000ac6        0xc ./Core/Src/stm32f2xx_it.o
                0x0000000008000ac6                DebugMon_Handler
 .text.PendSV_Handler
                0x0000000008000ad2        0xc ./Core/Src/stm32f2xx_it.o
                0x0000000008000ad2                PendSV_Handler
 .text.SysTick_Handler
                0x0000000008000ade        0xc ./Core/Src/stm32f2xx_it.o
                0x0000000008000ade                SysTick_Handler
 .text.PVD_IRQHandler
                0x0000000008000aea        0xc ./Core/Src/stm32f2xx_it.o
                0x0000000008000aea                PVD_IRQHandler
 *fill*         0x0000000008000af6        0x2 
 .text.CAN1_RX0_IRQHandler
                0x0000000008000af8       0x14 ./Core/Src/stm32f2xx_it.o
                0x0000000008000af8                CAN1_RX0_IRQHandler
 .text.CAN2_RX1_IRQHandler
                0x0000000008000b0c       0x14 ./Core/Src/stm32f2xx_it.o
                0x0000000008000b0c                CAN2_RX1_IRQHandler
 .text.SystemInit
                0x0000000008000b20        0xc ./Core/Src/system_stm32f2xx.o
                0x0000000008000b20                SystemInit
 .text.Reset_Handler
                0x0000000008000b2c       0x50 ./Core/Startup/startup_stm32f207zgtx.o
                0x0000000008000b2c                Reset_Handler
 .text.Default_Handler
                0x0000000008000b7c        0x2 ./Core/Startup/startup_stm32f207zgtx.o
                0x0000000008000b7c                RTC_Alarm_IRQHandler
                0x0000000008000b7c                HASH_RNG_IRQHandler
                0x0000000008000b7c                EXTI2_IRQHandler
                0x0000000008000b7c                TIM8_CC_IRQHandler
                0x0000000008000b7c                TIM1_CC_IRQHandler
                0x0000000008000b7c                DMA2_Stream5_IRQHandler
                0x0000000008000b7c                DMA1_Stream5_IRQHandler
                0x0000000008000b7c                SDIO_IRQHandler
                0x0000000008000b7c                TAMP_STAMP_IRQHandler
                0x0000000008000b7c                EXTI3_IRQHandler
                0x0000000008000b7c                TIM8_TRG_COM_TIM14_IRQHandler
                0x0000000008000b7c                TIM1_UP_TIM10_IRQHandler
                0x0000000008000b7c                TIM8_UP_TIM13_IRQHandler
                0x0000000008000b7c                I2C3_ER_IRQHandler
                0x0000000008000b7c                EXTI0_IRQHandler
                0x0000000008000b7c                I2C2_EV_IRQHandler
                0x0000000008000b7c                DMA1_Stream2_IRQHandler
                0x0000000008000b7c                OTG_HS_WKUP_IRQHandler
                0x0000000008000b7c                CAN2_SCE_IRQHandler
                0x0000000008000b7c                DMA2_Stream2_IRQHandler
                0x0000000008000b7c                SPI1_IRQHandler
                0x0000000008000b7c                TIM6_DAC_IRQHandler
                0x0000000008000b7c                TIM1_BRK_TIM9_IRQHandler
                0x0000000008000b7c                DCMI_IRQHandler
                0x0000000008000b7c                CAN2_RX0_IRQHandler
                0x0000000008000b7c                DMA2_Stream3_IRQHandler
                0x0000000008000b7c                USART6_IRQHandler
                0x0000000008000b7c                USART3_IRQHandler
                0x0000000008000b7c                CAN1_RX1_IRQHandler
                0x0000000008000b7c                UART5_IRQHandler
                0x0000000008000b7c                DMA2_Stream0_IRQHandler
                0x0000000008000b7c                TIM4_IRQHandler
                0x0000000008000b7c                I2C1_EV_IRQHandler
                0x0000000008000b7c                DMA1_Stream6_IRQHandler
                0x0000000008000b7c                DMA1_Stream1_IRQHandler
                0x0000000008000b7c                UART4_IRQHandler
                0x0000000008000b7c                TIM3_IRQHandler
                0x0000000008000b7c                RCC_IRQHandler
                0x0000000008000b7c                TIM8_BRK_TIM12_IRQHandler
                0x0000000008000b7c                Default_Handler
                0x0000000008000b7c                EXTI15_10_IRQHandler
                0x0000000008000b7c                ADC_IRQHandler
                0x0000000008000b7c                DMA1_Stream7_IRQHandler
                0x0000000008000b7c                TIM7_IRQHandler
                0x0000000008000b7c                CAN2_TX_IRQHandler
                0x0000000008000b7c                TIM5_IRQHandler
                0x0000000008000b7c                DMA2_Stream7_IRQHandler
                0x0000000008000b7c                I2C3_EV_IRQHandler
                0x0000000008000b7c                EXTI9_5_IRQHandler
                0x0000000008000b7c                RTC_WKUP_IRQHandler
                0x0000000008000b7c                ETH_WKUP_IRQHandler
                0x0000000008000b7c                SPI2_IRQHandler
                0x0000000008000b7c                OTG_HS_EP1_IN_IRQHandler
                0x0000000008000b7c                DMA1_Stream0_IRQHandler
                0x0000000008000b7c                CAN1_TX_IRQHandler
                0x0000000008000b7c                EXTI4_IRQHandler
                0x0000000008000b7c                FSMC_IRQHandler
                0x0000000008000b7c                ETH_IRQHandler
                0x0000000008000b7c                OTG_HS_EP1_OUT_IRQHandler
                0x0000000008000b7c                WWDG_IRQHandler
                0x0000000008000b7c                TIM2_IRQHandler
                0x0000000008000b7c                OTG_FS_WKUP_IRQHandler
                0x0000000008000b7c                TIM1_TRG_COM_TIM11_IRQHandler
                0x0000000008000b7c                OTG_HS_IRQHandler
                0x0000000008000b7c                EXTI1_IRQHandler
                0x0000000008000b7c                USART2_IRQHandler
                0x0000000008000b7c                I2C2_ER_IRQHandler
                0x0000000008000b7c                DMA2_Stream1_IRQHandler
                0x0000000008000b7c                CAN1_SCE_IRQHandler
                0x0000000008000b7c                FLASH_IRQHandler
                0x0000000008000b7c                DMA2_Stream4_IRQHandler
                0x0000000008000b7c                USART1_IRQHandler
                0x0000000008000b7c                OTG_FS_IRQHandler
                0x0000000008000b7c                SPI3_IRQHandler
                0x0000000008000b7c                DMA1_Stream4_IRQHandler
                0x0000000008000b7c                I2C1_ER_IRQHandler
                0x0000000008000b7c                DMA2_Stream6_IRQHandler
                0x0000000008000b7c                DMA1_Stream3_IRQHandler
 *fill*         0x0000000008000b7e        0x2 
 .text.HAL_Init
                0x0000000008000b80       0x44 ./Drivers/STM32F2xx_HAL_Driver/Src/stm32f2xx_hal.o
                0x0000000008000b80                HAL_Init
 .text.HAL_InitTick
                0x0000000008000bc4       0x60 ./Drivers/STM32F2xx_HAL_Driver/Src/stm32f2xx_hal.o
                0x0000000008000bc4                HAL_InitTick
 .text.HAL_IncTick
                0x0000000008000c24       0x24 ./Drivers/STM32F2xx_HAL_Driver/Src/stm32f2xx_hal.o
                0x0000000008000c24                HAL_IncTick
 .text.HAL_GetTick
                0x0000000008000c48       0x14 ./Drivers/STM32F2xx_HAL_Driver/Src/stm32f2xx_hal.o
                0x0000000008000c48                HAL_GetTick
 .text.HAL_Delay
                0x0000000008000c5c       0x48 ./Drivers/STM32F2xx_HAL_Driver/Src/stm32f2xx_hal.o
                0x0000000008000c5c                HAL_Delay
 .text.HAL_CAN_Init
                0x0000000008000ca4      0x1f6 ./Drivers/STM32F2xx_HAL_Driver/Src/stm32f2xx_hal_can.o
                0x0000000008000ca4                HAL_CAN_Init
 *fill*         0x0000000008000e9a        0x2 
 .text.HAL_CAN_ConfigFilter
                0x0000000008000e9c      0x1c0 ./Drivers/STM32F2xx_HAL_Driver/Src/stm32f2xx_hal_can.o
                0x0000000008000e9c                HAL_CAN_ConfigFilter
 .text.HAL_CAN_Start
                0x000000000800105c       0x88 ./Drivers/STM32F2xx_HAL_Driver/Src/stm32f2xx_hal_can.o
                0x000000000800105c                HAL_CAN_Start
 .text.HAL_CAN_AddTxMessage
                0x00000000080010e4      0x19e ./Drivers/STM32F2xx_HAL_Driver/Src/stm32f2xx_hal_can.o
                0x00000000080010e4                HAL_CAN_AddTxMessage
 .text.HAL_CAN_GetRxMessage
                0x0000000008001282      0x242 ./Drivers/STM32F2xx_HAL_Driver/Src/stm32f2xx_hal_can.o
                0x0000000008001282                HAL_CAN_GetRxMessage
 .text.HAL_CAN_ActivateNotification
                0x00000000080014c4       0x4a ./Drivers/STM32F2xx_HAL_Driver/Src/stm32f2xx_hal_can.o
                0x00000000080014c4                HAL_CAN_ActivateNotification
 .text.HAL_CAN_IRQHandler
                0x000000000800150e      0x36e ./Drivers/STM32F2xx_HAL_Driver/Src/stm32f2xx_hal_can.o
                0x000000000800150e                HAL_CAN_IRQHandler
 .text.HAL_CAN_TxMailbox0CompleteCallback
                0x000000000800187c       0x12 ./Drivers/STM32F2xx_HAL_Driver/Src/stm32f2xx_hal_can.o
                0x000000000800187c                HAL_CAN_TxMailbox0CompleteCallback
 .text.HAL_CAN_TxMailbox1CompleteCallback
                0x000000000800188e       0x12 ./Drivers/STM32F2xx_HAL_Driver/Src/stm32f2xx_hal_can.o
                0x000000000800188e                HAL_CAN_TxMailbox1CompleteCallback
 .text.HAL_CAN_TxMailbox2CompleteCallback
                0x00000000080018a0       0x12 ./Drivers/STM32F2xx_HAL_Driver/Src/stm32f2xx_hal_can.o
                0x00000000080018a0                HAL_CAN_TxMailbox2CompleteCallback
 .text.HAL_CAN_TxMailbox0AbortCallback
                0x00000000080018b2       0x12 ./Drivers/STM32F2xx_HAL_Driver/Src/stm32f2xx_hal_can.o
                0x00000000080018b2                HAL_CAN_TxMailbox0AbortCallback
 .text.HAL_CAN_TxMailbox1AbortCallback
                0x00000000080018c4       0x12 ./Drivers/STM32F2xx_HAL_Driver/Src/stm32f2xx_hal_can.o
                0x00000000080018c4                HAL_CAN_TxMailbox1AbortCallback
 .text.HAL_CAN_TxMailbox2AbortCallback
                0x00000000080018d6       0x12 ./Drivers/STM32F2xx_HAL_Driver/Src/stm32f2xx_hal_can.o
                0x00000000080018d6                HAL_CAN_TxMailbox2AbortCallback
 .text.HAL_CAN_RxFifo0FullCallback
                0x00000000080018e8       0x12 ./Drivers/STM32F2xx_HAL_Driver/Src/stm32f2xx_hal_can.o
                0x00000000080018e8                HAL_CAN_RxFifo0FullCallback
 .text.HAL_CAN_RxFifo1FullCallback
                0x00000000080018fa       0x12 ./Drivers/STM32F2xx_HAL_Driver/Src/stm32f2xx_hal_can.o
                0x00000000080018fa                HAL_CAN_RxFifo1FullCallback
 .text.HAL_CAN_SleepCallback
                0x000000000800190c       0x12 ./Drivers/STM32F2xx_HAL_Driver/Src/stm32f2xx_hal_can.o
                0x000000000800190c                HAL_CAN_SleepCallback
 .text.HAL_CAN_WakeUpFromRxMsgCallback
                0x000000000800191e       0x12 ./Drivers/STM32F2xx_HAL_Driver/Src/stm32f2xx_hal_can.o
                0x000000000800191e                HAL_CAN_WakeUpFromRxMsgCallback
 .text.HAL_CAN_ErrorCallback
                0x0000000008001930       0x12 ./Drivers/STM32F2xx_HAL_Driver/Src/stm32f2xx_hal_can.o
                0x0000000008001930                HAL_CAN_ErrorCallback
 *fill*         0x0000000008001942        0x2 
 .text.__NVIC_SetPriorityGrouping
                0x0000000008001944       0x48 ./Drivers/STM32F2xx_HAL_Driver/Src/stm32f2xx_hal_cortex.o
 .text.__NVIC_GetPriorityGrouping
                0x000000000800198c       0x1c ./Drivers/STM32F2xx_HAL_Driver/Src/stm32f2xx_hal_cortex.o
 .text.__NVIC_EnableIRQ
                0x00000000080019a8       0x38 ./Drivers/STM32F2xx_HAL_Driver/Src/stm32f2xx_hal_cortex.o
 .text.__NVIC_SetPriority
                0x00000000080019e0       0x54 ./Drivers/STM32F2xx_HAL_Driver/Src/stm32f2xx_hal_cortex.o
 .text.NVIC_EncodePriority
                0x0000000008001a34       0x64 ./Drivers/STM32F2xx_HAL_Driver/Src/stm32f2xx_hal_cortex.o
 .text.SysTick_Config
                0x0000000008001a98       0x44 ./Drivers/STM32F2xx_HAL_Driver/Src/stm32f2xx_hal_cortex.o
 .text.HAL_NVIC_SetPriorityGrouping
                0x0000000008001adc       0x16 ./Drivers/STM32F2xx_HAL_Driver/Src/stm32f2xx_hal_cortex.o
                0x0000000008001adc                HAL_NVIC_SetPriorityGrouping
 .text.HAL_NVIC_SetPriority
                0x0000000008001af2       0x38 ./Drivers/STM32F2xx_HAL_Driver/Src/stm32f2xx_hal_cortex.o
                0x0000000008001af2                HAL_NVIC_SetPriority
 .text.HAL_NVIC_EnableIRQ
                0x0000000008001b2a       0x1c ./Drivers/STM32F2xx_HAL_Driver/Src/stm32f2xx_hal_cortex.o
                0x0000000008001b2a                HAL_NVIC_EnableIRQ
 .text.HAL_SYSTICK_Config
                0x0000000008001b46       0x18 ./Drivers/STM32F2xx_HAL_Driver/Src/stm32f2xx_hal_cortex.o
                0x0000000008001b46                HAL_SYSTICK_Config
 *fill*         0x0000000008001b5e        0x2 
 .text.HAL_GPIO_Init
                0x0000000008001b60      0x33c ./Drivers/STM32F2xx_HAL_Driver/Src/stm32f2xx_hal_gpio.o
                0x0000000008001b60                HAL_GPIO_Init
 .text.HAL_GPIO_WritePin
                0x0000000008001e9c       0x30 ./Drivers/STM32F2xx_HAL_Driver/Src/stm32f2xx_hal_gpio.o
                0x0000000008001e9c                HAL_GPIO_WritePin
 .text.HAL_PWR_PVD_IRQHandler
                0x0000000008001ecc       0x24 ./Drivers/STM32F2xx_HAL_Driver/Src/stm32f2xx_hal_pwr.o
                0x0000000008001ecc                HAL_PWR_PVD_IRQHandler
 .text.HAL_PWR_PVDCallback
                0x0000000008001ef0        0xc ./Drivers/STM32F2xx_HAL_Driver/Src/stm32f2xx_hal_pwr.o
                0x0000000008001ef0                HAL_PWR_PVDCallback
 .text.HAL_RCC_OscConfig
                0x0000000008001efc      0x4a8 ./Drivers/STM32F2xx_HAL_Driver/Src/stm32f2xx_hal_rcc.o
                0x0000000008001efc                HAL_RCC_OscConfig
 .text.HAL_RCC_ClockConfig
                0x00000000080023a4      0x1d8 ./Drivers/STM32F2xx_HAL_Driver/Src/stm32f2xx_hal_rcc.o
                0x00000000080023a4                HAL_RCC_ClockConfig
 .text.HAL_RCC_GetSysClockFreq
                0x000000000800257c      0x218 ./Drivers/STM32F2xx_HAL_Driver/Src/stm32f2xx_hal_rcc.o
                0x000000000800257c                HAL_RCC_GetSysClockFreq
 .text.memset   0x0000000008002794       0x10 C:/ST/STM32CubeIDE_1.14.0/STM32CubeIDE/plugins/com.st.stm32cube.ide.mcu.externaltools.gnu-tools-for-stm32.11.3.rel1.win32_1.1.100.202309141235/tools/bin/../lib/gcc/arm-none-eabi/11.3.1/../../../../arm-none-eabi/lib/thumb/v7-m/nofp\libc_nano.a(libc_a-memset.o)
                0x0000000008002794                memset
 .text.__libc_init_array
                0x00000000080027a4       0x48 C:/ST/STM32CubeIDE_1.14.0/STM32CubeIDE/plugins/com.st.stm32cube.ide.mcu.externaltools.gnu-tools-for-stm32.11.3.rel1.win32_1.1.100.202309141235/tools/bin/../lib/gcc/arm-none-eabi/11.3.1/../../../../arm-none-eabi/lib/thumb/v7-m/nofp\libc_nano.a(libc_a-init.o)
                0x00000000080027a4                __libc_init_array
 *(.glue_7)
 .glue_7        0x00000000080027ec        0x0 linker stubs
 *(.glue_7t)
 .glue_7t       0x00000000080027ec        0x0 linker stubs
 *(.eh_frame)
 .eh_frame      0x00000000080027ec        0x0 C:/ST/STM32CubeIDE_1.14.0/STM32CubeIDE/plugins/com.st.stm32cube.ide.mcu.externaltools.gnu-tools-for-stm32.11.3.rel1.win32_1.1.100.202309141235/tools/bin/../lib/gcc/arm-none-eabi/11.3.1/thumb/v7-m/nofp/crtbegin.o
 *(.init)
 .init          0x00000000080027ec        0x4 C:/ST/STM32CubeIDE_1.14.0/STM32CubeIDE/plugins/com.st.stm32cube.ide.mcu.externaltools.gnu-tools-for-stm32.11.3.rel1.win32_1.1.100.202309141235/tools/bin/../lib/gcc/arm-none-eabi/11.3.1/thumb/v7-m/nofp/crti.o
                0x00000000080027ec                _init
 .init          0x00000000080027f0        0x8 C:/ST/STM32CubeIDE_1.14.0/STM32CubeIDE/plugins/com.st.stm32cube.ide.mcu.externaltools.gnu-tools-for-stm32.11.3.rel1.win32_1.1.100.202309141235/tools/bin/../lib/gcc/arm-none-eabi/11.3.1/thumb/v7-m/nofp/crtn.o
 *(.fini)
 .fini          0x00000000080027f8        0x4 C:/ST/STM32CubeIDE_1.14.0/STM32CubeIDE/plugins/com.st.stm32cube.ide.mcu.externaltools.gnu-tools-for-stm32.11.3.rel1.win32_1.1.100.202309141235/tools/bin/../lib/gcc/arm-none-eabi/11.3.1/thumb/v7-m/nofp/crti.o
                0x00000000080027f8                _fini
 .fini          0x00000000080027fc        0x8 C:/ST/STM32CubeIDE_1.14.0/STM32CubeIDE/plugins/com.st.stm32cube.ide.mcu.externaltools.gnu-tools-for-stm32.11.3.rel1.win32_1.1.100.202309141235/tools/bin/../lib/gcc/arm-none-eabi/11.3.1/thumb/v7-m/nofp/crtn.o
                0x0000000008002804                . = ALIGN (0x4)
                0x0000000008002804                _etext = .

.vfp11_veneer   0x0000000008002804        0x0
 .vfp11_veneer  0x0000000008002804        0x0 linker stubs

.v4_bx          0x0000000008002804        0x0
 .v4_bx         0x0000000008002804        0x0 linker stubs

.iplt           0x0000000008002804        0x0
 .iplt          0x0000000008002804        0x0 C:/ST/STM32CubeIDE_1.14.0/STM32CubeIDE/plugins/com.st.stm32cube.ide.mcu.externaltools.gnu-tools-for-stm32.11.3.rel1.win32_1.1.100.202309141235/tools/bin/../lib/gcc/arm-none-eabi/11.3.1/thumb/v7-m/nofp/crtbegin.o

.rodata         0x0000000008002804       0x10
                0x0000000008002804                . = ALIGN (0x4)
 *(.rodata)
 *(.rodata*)
 .rodata.AHBPrescTable
                0x0000000008002804       0x10 ./Core/Src/system_stm32f2xx.o
                0x0000000008002804                AHBPrescTable
                0x0000000008002814                . = ALIGN (0x4)

.ARM.extab      0x0000000008002814        0x0
                0x0000000008002814                . = ALIGN (0x4)
 *(.ARM.extab* .gnu.linkonce.armextab.*)
                0x0000000008002814                . = ALIGN (0x4)

.ARM            0x0000000008002814        0x8
                0x0000000008002814                . = ALIGN (0x4)
                0x0000000008002814                __exidx_start = .
 *(.ARM.exidx*)
 .ARM.exidx     0x0000000008002814        0x8 C:/ST/STM32CubeIDE_1.14.0/STM32CubeIDE/plugins/com.st.stm32cube.ide.mcu.externaltools.gnu-tools-for-stm32.11.3.rel1.win32_1.1.100.202309141235/tools/bin/../lib/gcc/arm-none-eabi/11.3.1/thumb/v7-m/nofp\libgcc.a(_udivmoddi4.o)
                0x000000000800281c                __exidx_end = .
                0x000000000800281c                . = ALIGN (0x4)

.rel.dyn        0x000000000800281c        0x0
 .rel.iplt      0x000000000800281c        0x0 C:/ST/STM32CubeIDE_1.14.0/STM32CubeIDE/plugins/com.st.stm32cube.ide.mcu.externaltools.gnu-tools-for-stm32.11.3.rel1.win32_1.1.100.202309141235/tools/bin/../lib/gcc/arm-none-eabi/11.3.1/thumb/v7-m/nofp/crtbegin.o

.preinit_array  0x000000000800281c        0x0
                0x000000000800281c                . = ALIGN (0x4)
                0x000000000800281c                PROVIDE (__preinit_array_start = .)
 *(.preinit_array*)
                0x000000000800281c                PROVIDE (__preinit_array_end = .)
                0x000000000800281c                . = ALIGN (0x4)

.init_array     0x000000000800281c        0x4
                0x000000000800281c                . = ALIGN (0x4)
                0x000000000800281c                PROVIDE (__init_array_start = .)
 *(SORT_BY_NAME(.init_array.*))
 *(.init_array*)
 .init_array    0x000000000800281c        0x4 C:/ST/STM32CubeIDE_1.14.0/STM32CubeIDE/plugins/com.st.stm32cube.ide.mcu.externaltools.gnu-tools-for-stm32.11.3.rel1.win32_1.1.100.202309141235/tools/bin/../lib/gcc/arm-none-eabi/11.3.1/thumb/v7-m/nofp/crtbegin.o
                0x0000000008002820                PROVIDE (__init_array_end = .)
                0x0000000008002820                . = ALIGN (0x4)

.fini_array     0x0000000008002820        0x4
                0x0000000008002820                . = ALIGN (0x4)
                [!provide]                        PROVIDE (__fini_array_start = .)
 *(SORT_BY_NAME(.fini_array.*))
 *(.fini_array*)
 .fini_array    0x0000000008002820        0x4 C:/ST/STM32CubeIDE_1.14.0/STM32CubeIDE/plugins/com.st.stm32cube.ide.mcu.externaltools.gnu-tools-for-stm32.11.3.rel1.win32_1.1.100.202309141235/tools/bin/../lib/gcc/arm-none-eabi/11.3.1/thumb/v7-m/nofp/crtbegin.o
                [!provide]                        PROVIDE (__fini_array_end = .)
                0x0000000008002824                . = ALIGN (0x4)
                0x0000000008002824                _sidata = LOADADDR (.data)

.data           0x0000000020000000        0xc load address 0x0000000008002824
                0x0000000020000000                . = ALIGN (0x4)
                0x0000000020000000                _sdata = .
 *(.data)
 *(.data*)
 .data.SystemCoreClock
                0x0000000020000000        0x4 ./Core/Src/system_stm32f2xx.o
                0x0000000020000000                SystemCoreClock
 .data.uwTickPrio
                0x0000000020000004        0x4 ./Drivers/STM32F2xx_HAL_Driver/Src/stm32f2xx_hal.o
                0x0000000020000004                uwTickPrio
 .data.uwTickFreq
                0x0000000020000008        0x1 ./Drivers/STM32F2xx_HAL_Driver/Src/stm32f2xx_hal.o
                0x0000000020000008                uwTickFreq
 *(.RamFunc)
 *(.RamFunc*)
                0x000000002000000c                . = ALIGN (0x4)
 *fill*         0x0000000020000009        0x3 
                0x000000002000000c                _edata = .

.igot.plt       0x000000002000000c        0x0 load address 0x0000000008002830
 .igot.plt      0x000000002000000c        0x0 C:/ST/STM32CubeIDE_1.14.0/STM32CubeIDE/plugins/com.st.stm32cube.ide.mcu.externaltools.gnu-tools-for-stm32.11.3.rel1.win32_1.1.100.202309141235/tools/bin/../lib/gcc/arm-none-eabi/11.3.1/thumb/v7-m/nofp/crtbegin.o
                0x000000002000000c                . = ALIGN (0x4)

.bss            0x000000002000000c      0x110 load address 0x0000000008002830
                0x000000002000000c                _sbss = .
                0x000000002000000c                __bss_start__ = _sbss
 *(.bss)
 .bss           0x000000002000000c       0x1c C:/ST/STM32CubeIDE_1.14.0/STM32CubeIDE/plugins/com.st.stm32cube.ide.mcu.externaltools.gnu-tools-for-stm32.11.3.rel1.win32_1.1.100.202309141235/tools/bin/../lib/gcc/arm-none-eabi/11.3.1/thumb/v7-m/nofp/crtbegin.o
 *(.bss*)
 .bss.hcan1     0x0000000020000028       0x28 ./Core/Src/main.o
                0x0000000020000028                hcan1
 .bss.hcan2     0x0000000020000050       0x28 ./Core/Src/main.o
                0x0000000020000050                hcan2
 .bss.TxHeader1
                0x0000000020000078       0x18 ./Core/Src/main.o
                0x0000000020000078                TxHeader1
 .bss.TxHeader2
                0x0000000020000090       0x18 ./Core/Src/main.o
                0x0000000020000090                TxHeader2
 .bss.RxHeader1
                0x00000000200000a8       0x1c ./Core/Src/main.o
                0x00000000200000a8                RxHeader1
 .bss.RxHeader2
                0x00000000200000c4       0x1c ./Core/Src/main.o
                0x00000000200000c4                RxHeader2
 .bss.TxMailbox1
                0x00000000200000e0       0x10 ./Core/Src/main.o
                0x00000000200000e0                TxMailbox1
 .bss.TxData1   0x00000000200000f0        0x8 ./Core/Src/main.o
                0x00000000200000f0                TxData1
 .bss.TxData2   0x00000000200000f8        0x8 ./Core/Src/main.o
                0x00000000200000f8                TxData2
 .bss.RxData1   0x0000000020000100        0x8 ./Core/Src/main.o
                0x0000000020000100                RxData1
 .bss.RxData2   0x0000000020000108        0x8 ./Core/Src/main.o
                0x0000000020000108                RxData2
 .bss.check     0x0000000020000110        0x1 ./Core/Src/main.o
                0x0000000020000110                check
 .bss.count     0x0000000020000111        0x1 ./Core/Src/main.o
                0x0000000020000111                count
 *fill*         0x0000000020000112        0x2 
 .bss.HAL_RCC_CAN1_CLK_ENABLED
                0x0000000020000114        0x4 ./Core/Src/stm32f2xx_hal_msp.o
 .bss.uwTick    0x0000000020000118        0x4 ./Drivers/STM32F2xx_HAL_Driver/Src/stm32f2xx_hal.o
                0x0000000020000118                uwTick
 *(COMMON)
                0x000000002000011c                . = ALIGN (0x4)
                0x000000002000011c                _ebss = .
                0x000000002000011c                __bss_end__ = _ebss

._user_heap_stack
                0x000000002000011c      0x604 load address 0x0000000008002830
                0x0000000020000120                . = ALIGN (0x8)
 *fill*         0x000000002000011c        0x4 
                [!provide]                        PROVIDE (end = .)
                0x0000000020000120                PROVIDE (_end = .)
                0x0000000020000320                . = (. + _Min_Heap_Size)
 *fill*         0x0000000020000120      0x200 
                0x0000000020000720                . = (. + _Min_Stack_Size)
 *fill*         0x0000000020000320      0x400 
                0x0000000020000720                . = ALIGN (0x8)

/DISCARD/
 libc.a(*)
 libm.a(*)
 libgcc.a(*)

.ARM.attributes
                0x0000000000000000       0x29
 *(.ARM.attributes)
 .ARM.attributes
                0x0000000000000000       0x1d C:/ST/STM32CubeIDE_1.14.0/STM32CubeIDE/plugins/com.st.stm32cube.ide.mcu.externaltools.gnu-tools-for-stm32.11.3.rel1.win32_1.1.100.202309141235/tools/bin/../lib/gcc/arm-none-eabi/11.3.1/thumb/v7-m/nofp/crti.o
 .ARM.attributes
                0x000000000000001d       0x2d C:/ST/STM32CubeIDE_1.14.0/STM32CubeIDE/plugins/com.st.stm32cube.ide.mcu.externaltools.gnu-tools-for-stm32.11.3.rel1.win32_1.1.100.202309141235/tools/bin/../lib/gcc/arm-none-eabi/11.3.1/thumb/v7-m/nofp/crtbegin.o
 .ARM.attributes
                0x000000000000004a       0x2d ./Core/Src/main.o
 .ARM.attributes
                0x0000000000000077       0x2d ./Core/Src/stm32f2xx_hal_msp.o
 .ARM.attributes
                0x00000000000000a4       0x2d ./Core/Src/stm32f2xx_it.o
 .ARM.attributes
                0x00000000000000d1       0x2d ./Core/Src/system_stm32f2xx.o
 .ARM.attributes
                0x00000000000000fe       0x21 ./Core/Startup/startup_stm32f207zgtx.o
 .ARM.attributes
                0x000000000000011f       0x2d ./Drivers/STM32F2xx_HAL_Driver/Src/stm32f2xx_hal.o
 .ARM.attributes
                0x000000000000014c       0x2d ./Drivers/STM32F2xx_HAL_Driver/Src/stm32f2xx_hal_can.o
 .ARM.attributes
                0x0000000000000179       0x2d ./Drivers/STM32F2xx_HAL_Driver/Src/stm32f2xx_hal_cortex.o
 .ARM.attributes
                0x00000000000001a6       0x2d ./Drivers/STM32F2xx_HAL_Driver/Src/stm32f2xx_hal_gpio.o
 .ARM.attributes
                0x00000000000001d3       0x2d ./Drivers/STM32F2xx_HAL_Driver/Src/stm32f2xx_hal_pwr.o
 .ARM.attributes
                0x0000000000000200       0x2d ./Drivers/STM32F2xx_HAL_Driver/Src/stm32f2xx_hal_rcc.o
 .ARM.attributes
                0x000000000000022d       0x2d C:/ST/STM32CubeIDE_1.14.0/STM32CubeIDE/plugins/com.st.stm32cube.ide.mcu.externaltools.gnu-tools-for-stm32.11.3.rel1.win32_1.1.100.202309141235/tools/bin/../lib/gcc/arm-none-eabi/11.3.1/../../../../arm-none-eabi/lib/thumb/v7-m/nofp\libc_nano.a(libc_a-memset.o)
 .ARM.attributes
                0x000000000000025a       0x2d C:/ST/STM32CubeIDE_1.14.0/STM32CubeIDE/plugins/com.st.stm32cube.ide.mcu.externaltools.gnu-tools-for-stm32.11.3.rel1.win32_1.1.100.202309141235/tools/bin/../lib/gcc/arm-none-eabi/11.3.1/../../../../arm-none-eabi/lib/thumb/v7-m/nofp\libc_nano.a(libc_a-init.o)
 .ARM.attributes
                0x0000000000000287       0x1d C:/ST/STM32CubeIDE_1.14.0/STM32CubeIDE/plugins/com.st.stm32cube.ide.mcu.externaltools.gnu-tools-for-stm32.11.3.rel1.win32_1.1.100.202309141235/tools/bin/../lib/gcc/arm-none-eabi/11.3.1/thumb/v7-m/nofp\libgcc.a(_aeabi_uldivmod.o)
 .ARM.attributes
                0x00000000000002a4       0x2d C:/ST/STM32CubeIDE_1.14.0/STM32CubeIDE/plugins/com.st.stm32cube.ide.mcu.externaltools.gnu-tools-for-stm32.11.3.rel1.win32_1.1.100.202309141235/tools/bin/../lib/gcc/arm-none-eabi/11.3.1/thumb/v7-m/nofp\libgcc.a(_udivmoddi4.o)
 .ARM.attributes
                0x00000000000002d1       0x1d C:/ST/STM32CubeIDE_1.14.0/STM32CubeIDE/plugins/com.st.stm32cube.ide.mcu.externaltools.gnu-tools-for-stm32.11.3.rel1.win32_1.1.100.202309141235/tools/bin/../lib/gcc/arm-none-eabi/11.3.1/thumb/v7-m/nofp\libgcc.a(_dvmd_tls.o)
 .ARM.attributes
                0x00000000000002ee       0x1d C:/ST/STM32CubeIDE_1.14.0/STM32CubeIDE/plugins/com.st.stm32cube.ide.mcu.externaltools.gnu-tools-for-stm32.11.3.rel1.win32_1.1.100.202309141235/tools/bin/../lib/gcc/arm-none-eabi/11.3.1/thumb/v7-m/nofp/crtn.o
OUTPUT(Blinnk.elf elf32-littlearm)
LOAD linker stubs
LOAD C:/ST/STM32CubeIDE_1.14.0/STM32CubeIDE/plugins/com.st.stm32cube.ide.mcu.externaltools.gnu-tools-for-stm32.11.3.rel1.win32_1.1.100.202309141235/tools/bin/../lib/gcc/arm-none-eabi/11.3.1/../../../../arm-none-eabi/lib/thumb/v7-m/nofp\libc.a
LOAD C:/ST/STM32CubeIDE_1.14.0/STM32CubeIDE/plugins/com.st.stm32cube.ide.mcu.externaltools.gnu-tools-for-stm32.11.3.rel1.win32_1.1.100.202309141235/tools/bin/../lib/gcc/arm-none-eabi/11.3.1/../../../../arm-none-eabi/lib/thumb/v7-m/nofp\libm.a
LOAD C:/ST/STM32CubeIDE_1.14.0/STM32CubeIDE/plugins/com.st.stm32cube.ide.mcu.externaltools.gnu-tools-for-stm32.11.3.rel1.win32_1.1.100.202309141235/tools/bin/../lib/gcc/arm-none-eabi/11.3.1/thumb/v7-m/nofp\libgcc.a

.comment        0x0000000000000000       0x43
 .comment       0x0000000000000000       0x43 C:/ST/STM32CubeIDE_1.14.0/STM32CubeIDE/plugins/com.st.stm32cube.ide.mcu.externaltools.gnu-tools-for-stm32.11.3.rel1.win32_1.1.100.202309141235/tools/bin/../lib/gcc/arm-none-eabi/11.3.1/thumb/v7-m/nofp/crtbegin.o
                                         0x44 (size before relaxing)
 .comment       0x0000000000000043       0x44 ./Core/Src/main.o
 .comment       0x0000000000000043       0x44 ./Core/Src/stm32f2xx_hal_msp.o
 .comment       0x0000000000000043       0x44 ./Core/Src/stm32f2xx_it.o
 .comment       0x0000000000000043       0x44 ./Core/Src/system_stm32f2xx.o
 .comment       0x0000000000000043       0x44 ./Drivers/STM32F2xx_HAL_Driver/Src/stm32f2xx_hal.o
 .comment       0x0000000000000043       0x44 ./Drivers/STM32F2xx_HAL_Driver/Src/stm32f2xx_hal_can.o
 .comment       0x0000000000000043       0x44 ./Drivers/STM32F2xx_HAL_Driver/Src/stm32f2xx_hal_cortex.o
 .comment       0x0000000000000043       0x44 ./Drivers/STM32F2xx_HAL_Driver/Src/stm32f2xx_hal_gpio.o
 .comment       0x0000000000000043       0x44 ./Drivers/STM32F2xx_HAL_Driver/Src/stm32f2xx_hal_pwr.o
 .comment       0x0000000000000043       0x44 ./Drivers/STM32F2xx_HAL_Driver/Src/stm32f2xx_hal_rcc.o

.debug_info     0x0000000000000000     0x5fe2
 .debug_info    0x0000000000000000      0xdf7 ./Core/Src/main.o
 .debug_info    0x0000000000000df7      0xaea ./Core/Src/stm32f2xx_hal_msp.o
 .debug_info    0x00000000000018e1      0x53e ./Core/Src/stm32f2xx_it.o
 .debug_info    0x0000000000001e1f      0x31f ./Core/Src/system_stm32f2xx.o
 .debug_info    0x000000000000213e       0x23 ./Core/Startup/startup_stm32f207zgtx.o
 .debug_info    0x0000000000002161      0x9c3 ./Drivers/STM32F2xx_HAL_Driver/Src/stm32f2xx_hal.o
 .debug_info    0x0000000000002b24      0xf24 ./Drivers/STM32F2xx_HAL_Driver/Src/stm32f2xx_hal_can.o
 .debug_info    0x0000000000003a48      0xd46 ./Drivers/STM32F2xx_HAL_Driver/Src/stm32f2xx_hal_cortex.o
 .debug_info    0x000000000000478e      0x68e ./Drivers/STM32F2xx_HAL_Driver/Src/stm32f2xx_hal_gpio.o
 .debug_info    0x0000000000004e1c      0x78d ./Drivers/STM32F2xx_HAL_Driver/Src/stm32f2xx_hal_pwr.o
 .debug_info    0x00000000000055a9      0xa39 ./Drivers/STM32F2xx_HAL_Driver/Src/stm32f2xx_hal_rcc.o

.debug_abbrev   0x0000000000000000     0x15c5
 .debug_abbrev  0x0000000000000000      0x293 ./Core/Src/main.o
 .debug_abbrev  0x0000000000000293      0x1e5 ./Core/Src/stm32f2xx_hal_msp.o
 .debug_abbrev  0x0000000000000478      0x1a1 ./Core/Src/stm32f2xx_it.o
 .debug_abbrev  0x0000000000000619      0x11c ./Core/Src/system_stm32f2xx.o
 .debug_abbrev  0x0000000000000735       0x12 ./Core/Startup/startup_stm32f207zgtx.o
 .debug_abbrev  0x0000000000000747      0x286 ./Drivers/STM32F2xx_HAL_Driver/Src/stm32f2xx_hal.o
 .debug_abbrev  0x00000000000009cd      0x22d ./Drivers/STM32F2xx_HAL_Driver/Src/stm32f2xx_hal_can.o
 .debug_abbrev  0x0000000000000bfa      0x327 ./Drivers/STM32F2xx_HAL_Driver/Src/stm32f2xx_hal_cortex.o
 .debug_abbrev  0x0000000000000f21      0x1cb ./Drivers/STM32F2xx_HAL_Driver/Src/stm32f2xx_hal_gpio.o
 .debug_abbrev  0x00000000000010ec      0x203 ./Drivers/STM32F2xx_HAL_Driver/Src/stm32f2xx_hal_pwr.o
 .debug_abbrev  0x00000000000012ef      0x2d6 ./Drivers/STM32F2xx_HAL_Driver/Src/stm32f2xx_hal_rcc.o

.debug_aranges  0x0000000000000000      0x610
 .debug_aranges
                0x0000000000000000       0x58 ./Core/Src/main.o
 .debug_aranges
                0x0000000000000058       0x30 ./Core/Src/stm32f2xx_hal_msp.o
 .debug_aranges
                0x0000000000000088       0x78 ./Core/Src/stm32f2xx_it.o
 .debug_aranges
                0x0000000000000100       0x28 ./Core/Src/system_stm32f2xx.o
 .debug_aranges
                0x0000000000000128       0x28 ./Core/Startup/startup_stm32f207zgtx.o
 .debug_aranges
                0x0000000000000150       0xf0 ./Drivers/STM32F2xx_HAL_Driver/Src/stm32f2xx_hal.o
 .debug_aranges
                0x0000000000000240      0x138 ./Drivers/STM32F2xx_HAL_Driver/Src/stm32f2xx_hal_can.o
 .debug_aranges
                0x0000000000000378      0x118 ./Drivers/STM32F2xx_HAL_Driver/Src/stm32f2xx_hal_cortex.o
 .debug_aranges
                0x0000000000000490       0x58 ./Drivers/STM32F2xx_HAL_Driver/Src/stm32f2xx_hal_gpio.o
 .debug_aranges
                0x00000000000004e8       0xa0 ./Drivers/STM32F2xx_HAL_Driver/Src/stm32f2xx_hal_pwr.o
 .debug_aranges
                0x0000000000000588       0x88 ./Drivers/STM32F2xx_HAL_Driver/Src/stm32f2xx_hal_rcc.o

.debug_rnglists
                0x0000000000000000      0x470
 .debug_rnglists
                0x0000000000000000       0x42 ./Core/Src/main.o
 .debug_rnglists
                0x0000000000000042       0x21 ./Core/Src/stm32f2xx_hal_msp.o
 .debug_rnglists
                0x0000000000000063       0x55 ./Core/Src/stm32f2xx_it.o
 .debug_rnglists
                0x00000000000000b8       0x1a ./Core/Src/system_stm32f2xx.o
 .debug_rnglists
                0x00000000000000d2       0x19 ./Core/Startup/startup_stm32f207zgtx.o
 .debug_rnglists
                0x00000000000000eb       0xaf ./Drivers/STM32F2xx_HAL_Driver/Src/stm32f2xx_hal.o
 .debug_rnglists
                0x000000000000019a       0xee ./Drivers/STM32F2xx_HAL_Driver/Src/stm32f2xx_hal_can.o
 .debug_rnglists
                0x0000000000000288       0xce ./Drivers/STM32F2xx_HAL_Driver/Src/stm32f2xx_hal_cortex.o
 .debug_rnglists
                0x0000000000000356       0x3f ./Drivers/STM32F2xx_HAL_Driver/Src/stm32f2xx_hal_gpio.o
 .debug_rnglists
                0x0000000000000395       0x74 ./Drivers/STM32F2xx_HAL_Driver/Src/stm32f2xx_hal_pwr.o
 .debug_rnglists
                0x0000000000000409       0x67 ./Drivers/STM32F2xx_HAL_Driver/Src/stm32f2xx_hal_rcc.o

.debug_macro    0x0000000000000000    0x1e232
 .debug_macro   0x0000000000000000      0x1c2 ./Core/Src/main.o
 .debug_macro   0x00000000000001c2      0xa9c ./Core/Src/main.o
 .debug_macro   0x0000000000000c5e      0x238 ./Core/Src/main.o
 .debug_macro   0x0000000000000e96       0x2e ./Core/Src/main.o
 .debug_macro   0x0000000000000ec4       0x22 ./Core/Src/main.o
 .debug_macro   0x0000000000000ee6       0x22 ./Core/Src/main.o
 .debug_macro   0x0000000000000f08       0x8e ./Core/Src/main.o
 .debug_macro   0x0000000000000f96       0x51 ./Core/Src/main.o
 .debug_macro   0x0000000000000fe7      0x103 ./Core/Src/main.o
 .debug_macro   0x00000000000010ea       0x6a ./Core/Src/main.o
 .debug_macro   0x0000000000001154      0x1df ./Core/Src/main.o
 .debug_macro   0x0000000000001333       0x1c ./Core/Src/main.o
 .debug_macro   0x000000000000134f       0x22 ./Core/Src/main.o
 .debug_macro   0x0000000000001371       0xbd ./Core/Src/main.o
 .debug_macro   0x000000000000142e      0xe49 ./Core/Src/main.o
 .debug_macro   0x0000000000002277      0x11f ./Core/Src/main.o
 .debug_macro   0x0000000000002396    0x14fe1 ./Core/Src/main.o
 .debug_macro   0x0000000000017377       0x6d ./Core/Src/main.o
 .debug_macro   0x00000000000173e4     0x35a5 ./Core/Src/main.o
 .debug_macro   0x000000000001a989      0x174 ./Core/Src/main.o
 .debug_macro   0x000000000001aafd       0x55 ./Core/Src/main.o
 .debug_macro   0x000000000001ab52     0x1056 ./Core/Src/main.o
 .debug_macro   0x000000000001bba8      0x153 ./Core/Src/main.o
 .debug_macro   0x000000000001bcfb      0x170 ./Core/Src/main.o
 .debug_macro   0x000000000001be6b      0x115 ./Core/Src/main.o
 .debug_macro   0x000000000001bf80      0x108 ./Core/Src/main.o
 .debug_macro   0x000000000001c088       0xa5 ./Core/Src/main.o
 .debug_macro   0x000000000001c12d      0x16a ./Core/Src/main.o
 .debug_macro   0x000000000001c297      0x287 ./Core/Src/main.o
 .debug_macro   0x000000000001c51e       0x5f ./Core/Src/main.o
 .debug_macro   0x000000000001c57d      0x236 ./Core/Src/main.o
 .debug_macro   0x000000000001c7b3      0x40f ./Core/Src/main.o
 .debug_macro   0x000000000001cbc2      0x126 ./Core/Src/main.o
 .debug_macro   0x000000000001cce8      0x216 ./Core/Src/main.o
 .debug_macro   0x000000000001cefe       0x2e ./Core/Src/main.o
 .debug_macro   0x000000000001cf2c      0x113 ./Core/Src/main.o
 .debug_macro   0x000000000001d03f       0x22 ./Core/Src/main.o
 .debug_macro   0x000000000001d061       0x82 ./Core/Src/main.o
 .debug_macro   0x000000000001d0e3      0x12d ./Core/Src/main.o
 .debug_macro   0x000000000001d210       0x10 ./Core/Src/main.o
 .debug_macro   0x000000000001d220      0x1c2 ./Core/Src/stm32f2xx_hal_msp.o
 .debug_macro   0x000000000001d3e2      0x1cc ./Core/Src/stm32f2xx_it.o
 .debug_macro   0x000000000001d5ae      0x1b3 ./Core/Src/system_stm32f2xx.o
 .debug_macro   0x000000000001d761      0x201 ./Drivers/STM32F2xx_HAL_Driver/Src/stm32f2xx_hal.o
 .debug_macro   0x000000000001d962      0x1bb ./Drivers/STM32F2xx_HAL_Driver/Src/stm32f2xx_hal_can.o
 .debug_macro   0x000000000001db1d      0x1b3 ./Drivers/STM32F2xx_HAL_Driver/Src/stm32f2xx_hal_cortex.o
 .debug_macro   0x000000000001dcd0      0x1ba ./Drivers/STM32F2xx_HAL_Driver/Src/stm32f2xx_hal_gpio.o
 .debug_macro   0x000000000001de8a      0x1cb ./Drivers/STM32F2xx_HAL_Driver/Src/stm32f2xx_hal_pwr.o
 .debug_macro   0x000000000001e055      0x1dd ./Drivers/STM32F2xx_HAL_Driver/Src/stm32f2xx_hal_rcc.o

.debug_line     0x0000000000000000     0x6ba3
 .debug_line    0x0000000000000000      0x8d3 ./Core/Src/main.o
 .debug_line    0x00000000000008d3      0x7b1 ./Core/Src/stm32f2xx_hal_msp.o
 .debug_line    0x0000000000001084      0x806 ./Core/Src/stm32f2xx_it.o
 .debug_line    0x000000000000188a      0x778 ./Core/Src/system_stm32f2xx.o
 .debug_line    0x0000000000002002       0x7a ./Core/Startup/startup_stm32f207zgtx.o
 .debug_line    0x000000000000207c      0xa0f ./Drivers/STM32F2xx_HAL_Driver/Src/stm32f2xx_hal.o
 .debug_line    0x0000000000002a8b     0x1153 ./Drivers/STM32F2xx_HAL_Driver/Src/stm32f2xx_hal_can.o
 .debug_line    0x0000000000003bde      0xc92 ./Drivers/STM32F2xx_HAL_Driver/Src/stm32f2xx_hal_cortex.o
 .debug_line    0x0000000000004870      0xb5d ./Drivers/STM32F2xx_HAL_Driver/Src/stm32f2xx_hal_gpio.o
 .debug_line    0x00000000000053cd      0x933 ./Drivers/STM32F2xx_HAL_Driver/Src/stm32f2xx_hal_pwr.o
 .debug_line    0x0000000000005d00      0xea3 ./Drivers/STM32F2xx_HAL_Driver/Src/stm32f2xx_hal_rcc.o

.debug_str      0x0000000000000000    0xb6a4a
 .debug_str     0x0000000000000000    0xb5076 ./Core/Src/main.o
                                      0xb533c (size before relaxing)
 .debug_str     0x00000000000b5076      0x5ac ./Core/Src/stm32f2xx_hal_msp.o
                                      0xb5470 (size before relaxing)
 .debug_str     0x00000000000b5622      0x11b ./Core/Src/stm32f2xx_it.o
                                      0xb4e8d (size before relaxing)
 .debug_str     0x00000000000b573d       0x87 ./Core/Src/system_stm32f2xx.o
                                      0xb4c21 (size before relaxing)
 .debug_str     0x00000000000b57c4       0x34 ./Core/Startup/startup_stm32f207zgtx.o
                                         0x48 (size before relaxing)
 .debug_str     0x00000000000b57f8      0x563 ./Drivers/STM32F2xx_HAL_Driver/Src/stm32f2xx_hal.o
                                      0xb576d (size before relaxing)
 .debug_str     0x00000000000b5d5b      0x39b ./Drivers/STM32F2xx_HAL_Driver/Src/stm32f2xx_hal_can.o
                                      0xb5361 (size before relaxing)
 .debug_str     0x00000000000b60f6      0x392 ./Drivers/STM32F2xx_HAL_Driver/Src/stm32f2xx_hal_cortex.o
                                      0xb5532 (size before relaxing)
 .debug_str     0x00000000000b6488      0x11f ./Drivers/STM32F2xx_HAL_Driver/Src/stm32f2xx_hal_gpio.o
                                      0xb4ddf (size before relaxing)
 .debug_str     0x00000000000b65a7      0x253 ./Drivers/STM32F2xx_HAL_Driver/Src/stm32f2xx_hal_pwr.o
                                      0xb4eb5 (size before relaxing)
 .debug_str     0x00000000000b67fa      0x250 ./Drivers/STM32F2xx_HAL_Driver/Src/stm32f2xx_hal_rcc.o
                                      0xb50d3 (size before relaxing)

.debug_frame    0x0000000000000000     0x1778
 .debug_frame   0x0000000000000000      0x11c ./Core/Src/main.o
 .debug_frame   0x000000000000011c       0x7c ./Core/Src/stm32f2xx_hal_msp.o
 .debug_frame   0x0000000000000198      0x158 ./Core/Src/stm32f2xx_it.o
 .debug_frame   0x00000000000002f0       0x58 ./Core/Src/system_stm32f2xx.o
 .debug_frame   0x0000000000000348      0x384 ./Drivers/STM32F2xx_HAL_Driver/Src/stm32f2xx_hal.o
 .debug_frame   0x00000000000006cc      0x5a0 ./Drivers/STM32F2xx_HAL_Driver/Src/stm32f2xx_hal_can.o
 .debug_frame   0x0000000000000c6c      0x498 ./Drivers/STM32F2xx_HAL_Driver/Src/stm32f2xx_hal_cortex.o
 .debug_frame   0x0000000000001104      0x14c ./Drivers/STM32F2xx_HAL_Driver/Src/stm32f2xx_hal_gpio.o
 .debug_frame   0x0000000000001250      0x274 ./Drivers/STM32F2xx_HAL_Driver/Src/stm32f2xx_hal_pwr.o
 .debug_frame   0x00000000000014c4      0x208 ./Drivers/STM32F2xx_HAL_Driver/Src/stm32f2xx_hal_rcc.o
 .debug_frame   0x00000000000016cc       0x20 C:/ST/STM32CubeIDE_1.14.0/STM32CubeIDE/plugins/com.st.stm32cube.ide.mcu.externaltools.gnu-tools-for-stm32.11.3.rel1.win32_1.1.100.202309141235/tools/bin/../lib/gcc/arm-none-eabi/11.3.1/../../../../arm-none-eabi/lib/thumb/v7-m/nofp\libc_nano.a(libc_a-memset.o)
 .debug_frame   0x00000000000016ec       0x2c C:/ST/STM32CubeIDE_1.14.0/STM32CubeIDE/plugins/com.st.stm32cube.ide.mcu.externaltools.gnu-tools-for-stm32.11.3.rel1.win32_1.1.100.202309141235/tools/bin/../lib/gcc/arm-none-eabi/11.3.1/../../../../arm-none-eabi/lib/thumb/v7-m/nofp\libc_nano.a(libc_a-init.o)
 .debug_frame   0x0000000000001718       0x2c C:/ST/STM32CubeIDE_1.14.0/STM32CubeIDE/plugins/com.st.stm32cube.ide.mcu.externaltools.gnu-tools-for-stm32.11.3.rel1.win32_1.1.100.202309141235/tools/bin/../lib/gcc/arm-none-eabi/11.3.1/thumb/v7-m/nofp\libgcc.a(_aeabi_uldivmod.o)
 .debug_frame   0x0000000000001744       0x34 C:/ST/STM32CubeIDE_1.14.0/STM32CubeIDE/plugins/com.st.stm32cube.ide.mcu.externaltools.gnu-tools-for-stm32.11.3.rel1.win32_1.1.100.202309141235/tools/bin/../lib/gcc/arm-none-eabi/11.3.1/thumb/v7-m/nofp\libgcc.a(_udivmoddi4.o)

.debug_line_str
                0x0000000000000000       0x3c
 .debug_line_str
                0x0000000000000000       0x3c ./Core/Startup/startup_stm32f207zgtx.o
                                         0x54 (size before relaxing)
